src/shipping/shipping.controller.ts(19,28): error TS2307: Cannot find module '../auth/guards/roles.guard' or its corresponding type declarations.
src/shipping/shipping.controller.ts(20,23): error TS2307: Cannot find module '../auth/decorators/roles.decorator' or its corresponding type declarations.
